**********************
Windows PowerShell 脚本开始
开始时间: 20260520100927
用户名: 刘英伦、\lunyi
RunAs 用户: 刘英伦、\lunyi
配置名称: 
计算机: 刘英伦、 (Microsoft Windows NT 10.0.26200.0)
主机应用程序: C:\Windows\System32\WindowsPowerShell\v1.0\powershell.exe -file  C:\Users\lunyi\Desktop\学习与科研日推\generate_research_digest.ps1 
进程 ID: 34804
PSVersion: 5.1.26100.8457
PSEdition: Desktop
PSCompatibleVersions: 1.0, 2.0, 3.0, 4.0, 5.0, 5.1.26100.8457
BuildVersion: 10.0.26100.8457
CLRVersion: 4.0.30319.42000
WSManStackVersion: 3.0
PSRemotingProtocolVersion: 2.3
SerializationVersion: 1.1.0.1
**********************
PS>TerminatingError(Invoke-WebRequest):“Rate exceeded.”
>> TerminatingError(Invoke-WebRequest):“Rate exceeded.”
警告: arXiv fetch failed for 智能控制 / Intelligent Control: 远程服务器返回错误: (429) Unknown Error。
PS>TerminatingError(Invoke-WebRequest):“Rate exceeded.”
>> TerminatingError(Invoke-WebRequest):“Rate exceeded.”
警告: arXiv fetch failed for FOC 电机控制: 远程服务器返回错误: (429) Too Many Requests。
PS>TerminatingError(Invoke-WebRequest):“

  
  
  Error 404 (Not Found)!!1
  
    *{margin:0;padding:0}html,code{font:15px/22px arial,sans-serif}html{background:#fff;color:#222;padding:15px}body{margin:7% auto 0;max-width:390px;min-height:180px;padding:30px 0 15px}* > body{background:url(//www.google.com/images/errors/robot.png) 100% 5px no-repeat;padding-right:205px}p{margin:11px 0 22px;overflow:hidden}ins{color:#777;text-decoration:none}a img{border:0}@media screen and (max-width:772px){body{background:none;margin-top:0;max-width:none;padding-right:0}}#logo{background:url(//www.google.com/images/branding/googlelogo/1x/googlelogo_color_150x54dp.png) no-repeat;margin-left:-5px}@media only screen and (min-resolution:192dpi){#logo{background:url(//www.google.com/images/branding/googlelogo/2x/googlelogo_color_150x54dp.png) no-repeat 0% 0%/100% 100%;-moz-border-image:url(//www.google.com/images/branding/googlelogo/2x/googlelogo_color_150x54dp.png) 0}}@media only screen and (-webkit-min-device-pixel-ratio:2){#logo{background:url(//www.google.com/images/branding/googlelogo/2x/googlelogo_color_150x54dp.png) no-repeat;-webkit-background-size:100% 100%}}#logo{display:inline-block;height:54px;width:150px}
  
  
  404. That’s an error.
  The requested URL /feeds/videos.xml?channel_id=UCkrtSvera-xusjMtgMUe-HA was not found on this server.  That’s all we know.
”
警告: Video feed failed for PX4 Autopilot: 远程服务器返回错误: (404) 未找到。
PS>TerminatingError(Invoke-WebRequest):“

  
  
  Error 404 (Not Found)!!1
  
    *{margin:0;padding:0}html,code{font:15px/22px arial,sans-serif}html{background:#fff;color:#222;padding:15px}body{margin:7% auto 0;max-width:390px;min-height:180px;padding:30px 0 15px}* > body{background:url(//www.google.com/images/errors/robot.png) 100% 5px no-repeat;padding-right:205px}p{margin:11px 0 22px;overflow:hidden}ins{color:#777;text-decoration:none}a img{border:0}@media screen and (max-width:772px){body{background:none;margin-top:0;max-width:none;padding-right:0}}#logo{background:url(//www.google.com/images/branding/googlelogo/1x/googlelogo_color_150x54dp.png) no-repeat;margin-left:-5px}@media only screen and (min-resolution:192dpi){#logo{background:url(//www.google.com/images/branding/googlelogo/2x/googlelogo_color_150x54dp.png) no-repeat 0% 0%/100% 100%;-moz-border-image:url(//www.google.com/images/branding/googlelogo/2x/googlelogo_color_150x54dp.png) 0}}@media only screen and (-webkit-min-device-pixel-ratio:2){#logo{background:url(//www.google.com/images/branding/googlelogo/2x/googlelogo_color_150x54dp.png) no-repeat;-webkit-background-size:100% 100%}}#logo{display:inline-block;height:54px;width:150px}
  
  
  404. That’s an error.
  The requested URL /feeds/videos.xml?channel_id=UCT59v_QNPzsx9S9uhtVpj3w was not found on this server.  That’s all we know.
”
警告: Video feed failed for ArduPilot: 远程服务器返回错误: (404) 未找到。
PS>TerminatingError(Invoke-WebRequest):“

  
  
  Error 404 (Not Found)!!1
  
    *{margin:0;padding:0}html,code{font:15px/22px arial,sans-serif}html{background:#fff;color:#222;padding:15px}body{margin:7% auto 0;max-width:390px;min-height:180px;padding:30px 0 15px}* > body{background:url(//www.google.com/images/errors/robot.png) 100% 5px no-repeat;padding-right:205px}p{margin:11px 0 22px;overflow:hidden}ins{color:#777;text-decoration:none}a img{border:0}@media screen and (max-width:772px){body{background:none;margin-top:0;max-width:none;padding-right:0}}#logo{background:url(//www.google.com/images/branding/googlelogo/1x/googlelogo_color_150x54dp.png) no-repeat;margin-left:-5px}@media only screen and (min-resolution:192dpi){#logo{background:url(//www.google.com/images/branding/googlelogo/2x/googlelogo_color_150x54dp.png) no-repeat 0% 0%/100% 100%;-moz-border-image:url(//www.google.com/images/branding/googlelogo/2x/googlelogo_color_150x54dp.png) 0}}@media only screen and (-webkit-min-device-pixel-ratio:2){#logo{background:url(//www.google.com/images/branding/googlelogo/2x/googlelogo_color_150x54dp.png) no-repeat;-webkit-background-size:100% 100%}}#logo{display:inline-block;height:54px;width:150px}
  
  
  404. That’s an error.
  The requested URL /feeds/videos.xml?channel_id=UCEBb1b_L6zDS3xTUrIALZOw was not found on this server.  That’s all we know.
”
警告: Video feed failed for MIT OpenCourseWare: 远程服务器返回错误: (404) 未找到。
PS>TerminatingError(Invoke-WebRequest):“

  
  
  Error 404 (Not Found)!!1
  
    *{margin:0;padding:0}html,code{font:15px/22px arial,sans-serif}html{background:#fff;color:#222;padding:15px}body{margin:7% auto 0;max-width:390px;min-height:180px;padding:30px 0 15px}* > body{background:url(//www.google.com/images/errors/robot.png) 100% 5px no-repeat;padding-right:205px}p{margin:11px 0 22px;overflow:hidden}ins{color:#777;text-decoration:none}a img{border:0}@media screen and (max-width:772px){body{background:none;margin-top:0;max-width:none;padding-right:0}}#logo{background:url(//www.google.com/images/branding/googlelogo/1x/googlelogo_color_150x54dp.png) no-repeat;margin-left:-5px}@media only screen and (min-resolution:192dpi){#logo{background:url(//www.google.com/images/branding/googlelogo/2x/googlelogo_color_150x54dp.png) no-repeat 0% 0%/100% 100%;-moz-border-image:url(//www.google.com/images/branding/googlelogo/2x/googlelogo_color_150x54dp.png) 0}}@media only screen and (-webkit-min-device-pixel-ratio:2){#logo{background:url(//www.google.com/images/branding/googlelogo/2x/googlelogo_color_150x54dp.png) no-repeat;-webkit-background-size:100% 100%}}#logo{display:inline-block;height:54px;width:150px}
  
  
  404. That’s an error.
  The requested URL /feeds/videos.xml?channel_id=UC0vmOsLFTCTsaYcL2PmWscA was not found on this server.  That’s all we know.
”
警告: Video feed failed for ODrive Robotics: 远程服务器返回错误: (404) 未找到。
PS>TerminatingError(Invoke-WebRequest):“远程服务器返回错误: (404) 未找到。”
>> TerminatingError(Invoke-WebRequest):“远程服务器返回错误: (404) 未找到。”
警告: Video feed failed for SimpleFOC: 远程服务器返回错误: (404) 未找到。
警告: 模块“LearningResearch.Common”中的某些导入命令的名称包含未批准的动词，这些动词可能导致这些命令名不易被发现。若要查找具有未批准的动词的命令，请使用 Verbose 参数再次运行 Import-Module 命令。有关批准的动词列表，请键入 Get-Verb。
PS>TerminatingError():“No digest files found under C:\Users\lunyi\Desktop\学习与科研日推”
**********************
Windows PowerShell 脚本结束
结束时间: 20260520101104
**********************
